====== bits
10

====== coin
10

====== die
10

====== findist
10

====== die sampler
10
